// Jest Snapshot v1, https://jestjs.io/docs/snapshot-testing

exports[`StopButton should match snapshot 1`] = `
<DocumentFragment>
  <div
    class="container"
    data-testid="stop-button"
  >
    Content
  </div>
</DocumentFragment>
`;
